// Jest Snapshot v1, https://goo.gl/fbAQLP

exports[`1. send a message to the messaging service 1`] = `
Object {
  "reference": "uuuuu-uuuuu-iiiii-ddddd",
}
`;
